Partition Merge report for hello_soc_top
Sat Jun 08 17:26:34 2013
Quartus II 32-bit Version 11.1 Build 173 11/01/2011 SJ Full Version


---------------------
; Table of Contents ;
---------------------
  1. Legal Notice
  2. Partition Merge Summary
  3. Partition Merge Netlist Types Used
  4. Partition Merge Partition Statistics
  5. Partition Merge Partition Pin Processing
  6. Partition Merge Resource Usage Summary
  7. Partition Merge RAM Summary
  8. Partition Merge DSP Block Usage Summary
  9. Partition Merge Messages



----------------
; Legal Notice ;
----------------
Copyright (C) 1991-2011 Altera Corporation
Your use of Altera Corporation's design tools, logic functions 
and other software and tools, and its AMPP partner logic 
functions, and any output files from any of the foregoing 
(including device programming or simulation files), and any 
associated documentation or information are expressly subject 
to the terms and conditions of the Altera Program License 
Subscription Agreement, Altera MegaCore Function License 
Agreement, or other applicable license agreement, including, 
without limitation, that your use is for the sole purpose of 
programming logic devices manufactured by Altera and sold by 
Altera or its authorized distributors.  Please refer to the 
applicable agreement for further details.



+--------------------------------------------------------------------------------+
; Partition Merge Summary                                                        ;
+------------------------------------+-------------------------------------------+
; Partition Merge Status             ; Successful - Sat Jun 08 17:26:34 2013     ;
; Quartus II 32-bit Version          ; 11.1 Build 173 11/01/2011 SJ Full Version ;
; Revision Name                      ; hello_soc_top                             ;
; Top-level Entity Name              ; hello_soc_top                             ;
; Family                             ; Cyclone IV E                              ;
; Total logic elements               ; 5,287 / 15,408 ( 34 % )                   ;
;     Total combinational functions  ; 5,206 / 15,408 ( 34 % )                   ;
;     Dedicated logic registers      ; 1,289 / 15,408 ( 8 % )                    ;
; Total registers                    ; 1289                                      ;
; Total pins                         ; 6 / 166 ( 4 % )                           ;
; Total virtual pins                 ; 0                                         ;
; Total memory bits                  ; 81,920 / 516,096 ( 16 % )                 ;
; Embedded Multiplier 9-bit elements ; 8 / 112 ( 7 % )                           ;
; Total PLLs                         ; 1 / 4 ( 25 % )                            ;
+------------------------------------+-------------------------------------------+


+-------------------------------------------------------------------------------------------------------------------------------+
; Partition Merge Netlist Types Used                                                                                            ;
+--------------------------------+----------------+-------------------+------------------------+--------------------------------+
; Partition Name                 ; Partition Type ; Netlist Type Used ; Netlist Type Requested ; Partition Contents             ;
+--------------------------------+----------------+-------------------+------------------------+--------------------------------+
; Top                            ; User-created   ; Post-Fit          ; Post-Fit               ;                                ;
; hard_block:auto_generated_inst ; Auto-generated ; Source File       ; Source File            ; hard_block:auto_generated_inst ;
+--------------------------------+----------------+-------------------+------------------------+--------------------------------+


+------------------------------------------------------------------------------------------------------+
; Partition Merge Partition Statistics                                                                 ;
+---------------------------------------------+-----------------------+--------------------------------+
; Statistic                                   ; Top                   ; hard_block:auto_generated_inst ;
+---------------------------------------------+-----------------------+--------------------------------+
; Estimated Total logic elements              ; 5287 / 15408 ( 34 % ) ; 0 / 15408 ( 0 % )              ;
;                                             ;                       ;                                ;
; Total combinational functions               ; 5206                  ; 0                              ;
; Logic element usage by number of LUT inputs ;                       ;                                ;
;     -- 4 input functions                    ; 3389                  ; 0                              ;
;     -- 3 input functions                    ; 1490                  ; 0                              ;
;     -- <=2 input functions                  ; 327                   ; 0                              ;
;                                             ;                       ;                                ;
; Logic elements by mode                      ;                       ;                                ;
;     -- normal mode                          ; 4891                  ; 0                              ;
;     -- arithmetic mode                      ; 315                   ; 0                              ;
;                                             ;                       ;                                ;
; Total registers                             ; 1289                  ; 0                              ;
;     -- Dedicated logic registers            ; 1289 / 15408 ( 8 % )  ; 0 / 15408 ( 0 % )              ;
;     -- I/O registers                        ; 0                     ; 0                              ;
;                                             ;                       ;                                ;
; Virtual pins                                ; 0                     ; 0                              ;
; I/O pins                                    ; 6                     ; 0                              ;
; Embedded Multiplier 9-bit elements          ; 8 / 112 ( 7 % )       ; 0 / 112 ( 0 % )                ;
; Total memory bits                           ; 81920                 ; 0                              ;
; Total RAM block bits                        ; 92160                 ; 0                              ;
; PLL                                         ; 0 / 4 ( 0 % )         ; 1 / 4 ( 25 % )                 ;
; M9K                                         ; 10 / 56 ( 17 % )      ; 0 / 56 ( 0 % )                 ;
;                                             ;                       ;                                ;
; Connections                                 ;                       ;                                ;
;     -- Input Connections                    ; 1307                  ; 1                              ;
;     -- Registered Input Connections         ; 1289                  ; 0                              ;
;     -- Output Connections                   ; 1                     ; 1307                           ;
;     -- Registered Output Connections        ; 0                     ; 0                              ;
;                                             ;                       ;                                ;
; Internal Connections                        ;                       ;                                ;
;     -- Total Connections                    ; 24852                 ; 1309                           ;
;     -- Registered Connections               ; 6902                  ; 0                              ;
;                                             ;                       ;                                ;
; External Connections                        ;                       ;                                ;
;     -- Top                                  ; 0                     ; 1308                           ;
;     -- hard_block:auto_generated_inst       ; 1308                  ; 0                              ;
;                                             ;                       ;                                ;
; Partition Interface                         ;                       ;                                ;
;     -- Input Ports                          ; 3                     ; 1                              ;
;     -- Output Ports                         ; 3                     ; 1                              ;
;     -- Bidir Ports                          ; 0                     ; 0                              ;
;                                             ;                       ;                                ;
; Registered Ports                            ;                       ;                                ;
;     -- Registered Input Ports               ; 0                     ; 0                              ;
;     -- Registered Output Ports              ; 0                     ; 0                              ;
;                                             ;                       ;                                ;
; Port Connectivity                           ;                       ;                                ;
;     -- Input Ports driven by GND            ; 0                     ; 0                              ;
;     -- Output Ports driven by GND           ; 0                     ; 0                              ;
;     -- Input Ports driven by VCC            ; 0                     ; 0                              ;
;     -- Output Ports driven by VCC           ; 0                     ; 0                              ;
;     -- Input Ports with no Source           ; 0                     ; 0                              ;
;     -- Output Ports with no Source          ; 0                     ; 0                              ;
;     -- Input Ports with no Fanout           ; 0                     ; 0                              ;
;     -- Output Ports with no Fanout          ; 0                     ; 0                              ;
+---------------------------------------------+-----------------------+--------------------------------+
Note: Resource usage numbers presented for Partitions containing post-synthesis logic are estimates.  For Partitions containing post-fit logic, resource usage numbers are accurate based on previous placement information.  Actual Fitter results may vary depending on current Fitter Preservation Level assignments.


+-------------------------------------------------------------------------------------------------------------------------+
; Partition Merge Partition Pin Processing                                                                                ;
+--------------------------+-----------+---------------+--------------------+---------------------------------------------+
; Name                     ; Partition ; Type          ; Location           ; Status                                      ;
+--------------------------+-----------+---------------+--------------------+---------------------------------------------+
; LED_out[0]               ; Top       ; Output Port   ; n/a                ;                                             ;
;     -- LED_out[0]        ; Top       ; Output Pad    ; IOPAD_X0_Y13_N21   ; Preserved from Post-Fit or Imported Netlist ;
;     -- LED_out[0]~output ; Top       ; Output Buffer ; IOOBUF_X0_Y13_N23  ; Preserved from Post-Fit or Imported Netlist ;
;                          ;           ;               ;                    ;                                             ;
; LED_out[1]               ; Top       ; Output Port   ; n/a                ;                                             ;
;     -- LED_out[1]        ; Top       ; Output Pad    ; IOPAD_X0_Y13_N14   ; Preserved from Post-Fit or Imported Netlist ;
;     -- LED_out[1]~output ; Top       ; Output Buffer ; IOOBUF_X0_Y13_N16  ; Preserved from Post-Fit or Imported Netlist ;
;                          ;           ;               ;                    ;                                             ;
; RxD                      ; Top       ; Input Port    ; n/a                ;                                             ;
;     -- RxD               ; Top       ; Input Pad     ; IOPAD_X19_Y29_N14  ; Preserved from Post-Fit or Imported Netlist ;
;     -- RxD~input         ; Top       ; Input Buffer  ; IOIBUF_X19_Y29_N15 ; Preserved from Post-Fit or Imported Netlist ;
;                          ;           ;               ;                    ;                                             ;
; TxD                      ; Top       ; Output Port   ; n/a                ;                                             ;
;     -- TxD               ; Top       ; Output Pad    ; IOPAD_X0_Y22_N7    ; Preserved from Post-Fit or Imported Netlist ;
;     -- TxD~output        ; Top       ; Output Buffer ; IOOBUF_X0_Y22_N9   ; Preserved from Post-Fit or Imported Netlist ;
;                          ;           ;               ;                    ;                                             ;
; clk_50m                  ; Top       ; Input Port    ; n/a                ;                                             ;
;     -- clk_50m           ; Top       ; Input Pad     ; IOPAD_X21_Y0_N7    ; Preserved from Post-Fit or Imported Netlist ;
;     -- clk_50m~input     ; Top       ; Input Buffer  ; IOIBUF_X21_Y0_N8   ; Preserved from Post-Fit or Imported Netlist ;
;                          ;           ;               ;                    ;                                             ;
; rst_n                    ; Top       ; Input Port    ; n/a                ;                                             ;
;     -- rst_n             ; Top       ; Input Pad     ; IOPAD_X0_Y14_N21   ; Preserved from Post-Fit or Imported Netlist ;
;     -- rst_n~input       ; Top       ; Input Buffer  ; IOIBUF_X0_Y14_N22  ; Preserved from Post-Fit or Imported Netlist ;
;                          ;           ;               ;                    ;                                             ;
+--------------------------+-----------+---------------+--------------------+---------------------------------------------+


+----------------------------------------------------------------------------------------------------------------------------+
; Partition Merge Resource Usage Summary                                                                                     ;
+---------------------------------------------+------------------------------------------------------------------------------+
; Resource                                    ; Usage                                                                        ;
+---------------------------------------------+------------------------------------------------------------------------------+
; Estimated Total logic elements              ; 5,287 / 15,408 ( 34 % )                                                      ;
;                                             ;                                                                              ;
; Total combinational functions               ; 5206                                                                         ;
; Logic element usage by number of LUT inputs ;                                                                              ;
;     -- 4 input functions                    ; 3389                                                                         ;
;     -- 3 input functions                    ; 1490                                                                         ;
;     -- <=2 input functions                  ; 327                                                                          ;
;                                             ;                                                                              ;
; Logic elements by mode                      ;                                                                              ;
;     -- normal mode                          ; 4891                                                                         ;
;     -- arithmetic mode                      ; 315                                                                          ;
;                                             ;                                                                              ;
; Total registers                             ; 1289                                                                         ;
;     -- Dedicated logic registers            ; 1289                                                                         ;
;     -- I/O registers                        ; 0                                                                            ;
;                                             ;                                                                              ;
; I/O pins                                    ; 6                                                                            ;
; Total memory bits                           ; 81920                                                                        ;
; Embedded Multiplier 9-bit elements          ; 8                                                                            ;
; Total PLLs                                  ; 1                                                                            ;
;     -- PLLs                                 ; 1                                                                            ;
;                                             ;                                                                              ;
; Maximum fan-out node                        ; pll:u_pll|altpll:altpll_component|pll_altpll:auto_generated|wire_pll1_clk[0] ;
; Maximum fan-out                             ; 1300                                                                         ;
; Total fan-out                               ; 24495                                                                        ;
; Average fan-out                             ; 3.74                                                                         ;
+---------------------------------------------+------------------------------------------------------------------------------+


+------------------------------------------------------------------------------------------------------------------------------------------------------------------------------------------------+
; Partition Merge RAM Summary                                                                                                                                                                    ;
+-------------------------------------------------------------------------------------+------+----------------+--------------+--------------+--------------+--------------+-------+--------------+
; Name                                                                                ; Type ; Mode           ; Port A Depth ; Port A Width ; Port B Depth ; Port B Width ; Size  ; MIF          ;
+-------------------------------------------------------------------------------------+------+----------------+--------------+--------------+--------------+--------------+-------+--------------+
; ram:u_ram|altsyncram:altsyncram_component|altsyncram_u7i1:auto_generated|ALTSYNCRAM ; AUTO ; Single Port    ; 512          ; 32           ; --           ; --           ; 16384 ; None         ;
; rom:u_rom|altsyncram:altsyncram_component|altsyncram_fr52:auto_generated|ALTSYNCRAM ; AUTO ; True Dual Port ; 2048         ; 32           ; 2048         ; 32           ; 65536 ; rom_init.mif ;
+-------------------------------------------------------------------------------------+------+----------------+--------------+--------------+--------------+--------------+-------+--------------+


+-----------------------------------------------------------------------------------------------+
; Partition Merge DSP Block Usage Summary                                                       ;
+---------------------------------------+-------------+---------------------+-------------------+
; Statistic                             ; Number Used ; Available per Block ; Maximum Available ;
+---------------------------------------+-------------+---------------------+-------------------+
; Simple Multipliers (9-bit)            ; 0           ; 2                   ; 112               ;
; Simple Multipliers (18-bit)           ; 4           ; 1                   ; 56                ;
; Embedded Multiplier Blocks            ; 4           ; --                  ; 56                ;
; Embedded Multiplier 9-bit elements    ; 8           ; 2                   ; 112               ;
; Signed Embedded Multipliers           ; 0           ; --                  ; --                ;
; Unsigned Embedded Multipliers         ; 4           ; --                  ; --                ;
; Mixed Sign Embedded Multipliers       ; 0           ; --                  ; --                ;
; Variable Sign Embedded Multipliers    ; 0           ; --                  ; --                ;
; Dedicated Input Shift Register Chains ; 0           ; --                  ; --                ;
+---------------------------------------+-------------+---------------------+-------------------+


+--------------------------+
; Partition Merge Messages ;
+--------------------------+
Info: *******************************************************************
Info: Running Quartus II 32-bit Partition Merge
    Info: Version 11.1 Build 173 11/01/2011 SJ Full Version
    Info: Processing started: Sat Jun 08 17:26:29 2013
Info: Command: quartus_cdb --read_settings_files=off --write_settings_files=off hello_soc -c hello_soc_top --merge=on
Info (35006): Using previously generated Fitter netlist for partition "Top"
Info (35002): Resolved and merged 1 partition(s)
Info (16010): Generating hard_block partition "hard_block:auto_generated_inst"
    Info (16011): Adding node "pll:u_pll|altpll:altpll_component|pll_altpll:auto_generated|pll1"
Info (21057): Implemented 5395 device resources after synthesis - the final resource count might be different
    Info (21058): Implemented 3 input pins
    Info (21059): Implemented 3 output pins
    Info (21061): Implemented 5368 logic cells
    Info (21064): Implemented 10 RAM segments
    Info (21065): Implemented 1 PLLs
    Info (21062): Implemented 8 DSP elements
Info: Quartus II 32-bit Partition Merge was successful. 0 errors, 0 warnings
    Info: Peak virtual memory: 313 megabytes
    Info: Processing ended: Sat Jun 08 17:26:35 2013
    Info: Elapsed time: 00:00:06
    Info: Total CPU time (on all processors): 00:00:06


